name: Sulfuras, Hand of Ragnaros, sellIn: 0, quality: 80
